::group::Input matrix
- os: linux
  $if: config.json.expensive == false
- os: mac
  $if: config.json.expensive == true
- os: windows
  $if: config.json.expensive == true

::endgroup::
::group::Config object
json:
  expensive: true

::endgroup::
::group::Generated matrix
- os: mac
- os: windows

::endgroup::

::set-output name=matrix::[{"os":"mac"},{"os":"windows"}]
Success.
